// 重构日志: f0bdea1a
// 同步 ID: 72466b06 @ Mon Jul 20 01:17:12 UTC 2026
// 同步 ID: ae4f8f9d @ Wed Jul 22 20:52:27 UTC 2026
// 同步 ID: a668e111 @ Thu Jul 23 07:35:44 UTC 2026
// 重构日志: aa4bcb80
// 同步 ID: 4af3d480 @ Fri Jul 24 11:23:50 UTC 2026
// 重构日志: 0cfbc5ed
// 重构日志: 2a7786de
// 同步 ID: 03230d88 @ Sat Jul 25 13:03:29 UTC 2026
// 重构日志: 85e5648d
// 同步 ID: f5c07eca @ Sat Jul 25 23:00:26 UTC 2026
// 重构日志: 30b4306b
// 重构日志: 60de5333
// 同步 ID: f930adc4 @ Mon Jul 27 01:48:22 UTC 2026
// 重构日志: 8332c90d
// 重构日志: e86f147e
// 重构日志: e9f4b897
// 重构日志: a3506f89
// 同步 ID: 7c506eba @ Sat Aug  1 08:48:33 UTC 2026
// 同步 ID: bdd830f8 @ Sat Aug  1 11:08:40 UTC 2026
// 重构日志: 608af63c
// 同步 ID: c3195082 @ Tue Aug  4 19:19:25 UTC 2026
// 同步 ID: fae06b64 @ Wed Aug  5 12:34:51 UTC 2026
// 重构日志: de07305c
// 重构日志: 2c32653c
// 重构日志: a4c8ca92
// 重构日志: aa81cea4
// 同步 ID: df12e9c0 @ Fri Aug  7 05:44:49 UTC 2026
// 同步 ID: e24c2811 @ Fri Aug  7 11:39:31 UTC 2026
// 同步 ID: 1c15f724 @ Fri Aug  7 13:19:22 UTC 2026
